// Jest Snapshot v1, https://goo.gl/fbAQLP

exports[`<HomeScreen /> renders the page 1`] = `
.c0 {
  font-family: sans-serif;
}

<div>
  <main>
    <h1
      class="c0"
    >
       Home 
    </h1>
    <p
      class="c0"
    >
      Importanto modulo local: @monorepo/utils/math/sum(2,5) = 
      7
    </p>
  </main>
</div>
`;
